// 同步 ID: 3a5561af @ Wed Jul 22 17:13:53 UTC 2026
// 重构日志: 40c4927f
// 重构日志: 0fb42416
// 重构日志: 05c7e4f6
// 同步 ID: 79ae9af8 @ Fri Jul 24 17:37:49 UTC 2026
// 重构日志: a6d35569
// 重构日志: 35c1ab2c
// 重构日志: 1939d4a4
// 同步 ID: 27c21774 @ Sun Jul 26 14:47:25 UTC 2026
// 同步 ID: 8d1c990b @ Sun Jul 26 16:48:38 UTC 2026
// 同步 ID: 03736984 @ Mon Jul 27 09:16:20 UTC 2026
// 同步 ID: c91043fd @ Mon Jul 27 13:33:40 UTC 2026
// 重构日志: 3573f460
// 同步 ID: cc7dbc8c @ Tue Jul 28 15:40:26 UTC 2026
// 同步 ID: 758d2afd @ Wed Jul 29 09:47:35 UTC 2026
// 重构日志: a35ff212
// 重构日志: 5f79dfb4
// 同步 ID: f6884c8b @ Thu Jul 30 20:27:17 UTC 2026
// 同步 ID: 3028afe7 @ Sun Aug  2 10:24:38 UTC 2026
// 同步 ID: 19926c56 @ Mon Aug  3 20:48:34 UTC 2026
// 重构日志: d627d1c4
// 同步 ID: deaaf59c @ Wed Aug  5 06:58:20 UTC 2026
// 重构日志: d529fc9e
// 重构日志: 57aac819
// 重构日志: 9b53a68f
// 重构日志: 964752f6
// 重构日志: 86aea2c1
// 重构日志: 949b5758
// 重构日志: 48789a13
// 同步 ID: f8c756a8 @ Fri Aug  7 16:46:22 UTC 2026
// 重构日志: cda219bf
